exports[`test Flat renders correctly 1`] = `
<div
  className="Flat container-fluid plain-background flat">
  <div
    className="row">
    <div
      className="col-md-3">
      <nav
        className="categories-bar navbar navbar-default"
        style={
          Object {
            "margin": "10%",
          }
        }>
        <div
          className="container">
          <div>
            <a
              onClick={[Function]}
              style={Object {}}>
              <img
                src="/images/phone.svg"
                width="25px" />
              <span>
                Contacts
              </span>
            </a>
          </div>
          <div>
            <a
              onClick={[Function]}
              style={Object {}}>
              <img
                src="/images/interface.svg"
                width="25px" />
              <span>
                Documents
              </span>
            </a>
          </div>
          <div>
            <a
              onClick={[Function]}
              style={Object {}}>
              <img
                src="/images/interface-1.svg"
                width="25px" />
              <span>
                Notes
              </span>
            </a>
          </div>
          <div>
            <a
              onClick={[Function]}
              style={Object {}}>
              <img
                src="/images/alarm.svg"
                width="25px" />
              <span>
                Calendar
              </span>
            </a>
          </div>
        </div>
      </nav>
    </div>
    <div
      className="popout col-lg-7 col-md-8">
      <h1
        className="text-center flat-name" />
    </div>
    <div
      className="col-lg-2 col-md-3">
      <div
        className="LeaveFlat">
        <div
          className="LeaveButton">
          <button
            className="btn btn-default"
            disabled={false}
            onClick={[Function]}
            type="button">
            Leave this flat
          </button>
        </div>
      </div>
      <div
        className="JoinRequests">
        <h2>
          Join Requests
        </h2>
        <ul />
      </div>
    </div>
  </div>
</div>
`;
