exports[`test PageNotFound renders logout correctly 1`] = `
<div
  className="Pnf container-fluid">
  <div
    className="row">
    <div
      className="col-md-12 bg-pnf">
      <h1>
        404, Did you 
        <br />
        lost your way ?
      </h1>
    </div>
  </div>
</div>
`;
